// Jest Snapshot v1, https://goo.gl/fbAQLP

exports[`renders correctly 1`] = `
<div>
  <h1
    className="title"
  >
    <span>
      ScreenShot Demo
    </span>
  </h1>
  <button
    className="minus-btn"
    onClick={[Function]}
  >
    -
  </button>
  <p
    className="value"
  >
    0
  </p>
  <button
    className="add-btn"
    onClick={[Function]}
  >
    +
  </button>
  <input
    className="input"
    onChange={[Function]}
    type="text"
    value={0}
  />
</div>
`;

exports[`should render correctly 1`] = `
<div>
  <h1
    className="title"
  >
    <span>
      ScreenShot Demo
    </span>
  </h1>
  <button
    className="minus-btn"
    onClick={[Function]}
  >
    -
  </button>
  <p
    className="value"
  >
    0
  </p>
  <button
    className="add-btn"
    onClick={[Function]}
  >
    +
  </button>
  <input
    className="input"
    onChange={[Function]}
    type="text"
    value={0}
  />
</div>
`;
